// Jest Snapshot v1, https://goo.gl/fbAQLP

exports[`macro plugin should process withDi 1`] = `
"import { withDi } from "react-magnetic-di";
const Example = withDi(() => null, []);
Example.displayName = "Example";"
`;

exports[`macro plugin should strip injection if not enabled environment 1`] = `
"import React, { Component } from 'react';
import Modal from 'modal';

function MyComponent() {
  return __jsx(Modal, null);
}"
`;

exports[`macro plugin should work in class components 1`] = `
"import { di } from "react-magnetic-di";
import React, { Component } from 'react';
import Modal from 'modal';

class MyComponent extends Component {
  render() {
    const [_Modal] = di([Modal], MyComponent);
    return __jsx(_Modal, null);
  }

}"
`;

exports[`macro plugin should work with renamed import and functional components 1`] = `
"import { di as injectable, DiProvider } from "react-magnetic-di";
import React from 'react';
import Modal from 'modal';

const MyComponent = () => {
  const [_Modal] = injectable([Modal], MyComponent);
  return __jsx(DiProvider, null, __jsx(_Modal, null));
};"
`;
